// Jest Snapshot v1, https://goo.gl/fbAQLP

exports[`generates source maps for .vue files 1`] = `
{
  "file": "./components/Basic.vue",
  "mappings": ";;;;;;eAuBe;EACb,IAAI,EAAE,OAAO;EACb,QAAQ,EAAE;IACR,cAAc,EAAE,SAAS,cAAc,GAAG;MACxC,OAAO;QACL,GAAG,EAAE,IAAI,CAAC,OAAO;QACjB,IAAI,EAAE,CAAC,IAAI,CAAC,OAAO;QACnB,MAAM,EAAE,IAAI,CAAC;MACf,CAAC;IACH;EACF,CAAC;EACD,IAAI,EAAE,SAAS,IAAI,GAAG;IACpB,OAAO;MACL,GAAG,EAAE,4BAA4B;MACjC,OAAO,EAAE;IACX,CAAC;EACH,CAAC;EACD,OAAO,EAAE;IACP,WAAW,EAAE,SAAS,WAAW,GAAG;MAClC,IAAI,CAAC,OAAO,GAAG,CAAC,IAAI,CAAC,OAAO;IAC9B;EACF;AACF,CAAC;AAAA",
  "names": [],
  "sources": [
    "components/Basic.vue",
  ],
  "sourcesContent": [
    "<template>
  <div class="hello">
    <h1 :class="headingClasses">{{ msg }}</h1>
  </div>
</template>

<style module="css">
.testA {
  background-color: red;
}
</style>
<style module>
.testB {
  background-color: blue;
}
</style>
<style>
.testC {
  background-color: blue;
}
</style>

<script>
export default {
  name: 'basic',
  computed: {
    headingClasses: function headingClasses() {
      return {
        red: this.isCrazy,
        blue: !this.isCrazy,
        shadow: this.isCrazy
      }
    }
  },
  data: function data() {
    return {
      msg: 'Welcome to Your Vue.js App',
      isCrazy: false
    }
  },
  methods: {
    toggleClass: function toggleClass() {
      this.isCrazy = !this.isCrazy
    }
  }
}
</script>
",
  ],
  "version": 3,
}
`;

exports[`generates source maps using src attributes 1`] = `
{
  "file": "./components/SourceMapsSrc.vue",
  "mappings": ";;;;;;eAAe;EACbA,IAAI,EAAE,OAAO;EACbC,QAAQ,EAAE;IACRC,cAAc,EAAE,SAASA,cAAcA,CAAA,EAAG;MACxC,OAAO;QACLC,GAAG,EAAE,IAAI,CAACC,OAAO;QACjBC,IAAI,EAAE,CAAC,IAAI,CAACD,OAAO;QACnBE,MAAM,EAAE,IAAI,CAACF;MACf,CAAC;IACH;EACF,CAAC;EACDG,IAAI,EAAE,SAASA,IAAIA,CAAA,EAAG;IACpB,OAAO;MACLC,GAAG,EAAE,4BAA4B;MACjCJ,OAAO,EAAE;IACX,CAAC;EACH,CAAC;EACDK,OAAO,EAAE;IACPC,WAAW,EAAE,SAASA,WAAWA,CAAA,EAAG;MAClC,IAAI,CAACN,OAAO,GAAG,CAAC,IAAI,CAACA,OAAO;IAC9B;EACF;AACF,CAAC;AAAAO,OAAA,cAAAC,QAAA",
  "names": [
    "name",
    "computed",
    "headingClasses",
    "red",
    "isCrazy",
    "blue",
    "shadow",
    "data",
    "msg",
    "methods",
    "toggleClass",
    "exports",
    "_default",
  ],
  "sources": [
    "SourceMapsSrc.vue",
  ],
  "sourcesContent": [
    "export default {
  name: 'basic',
  computed: {
    headingClasses: function headingClasses() {
      return {
        red: this.isCrazy,
        blue: !this.isCrazy,
        shadow: this.isCrazy
      }
    }
  },
  data: function data() {
    return {
      msg: 'Welcome to Your Vue.js App',
      isCrazy: false
    }
  },
  methods: {
    toggleClass: function toggleClass() {
      this.isCrazy = !this.isCrazy
    }
  }
}
",
  ],
  "version": 3,
}
`;
